Archive member included because of file (symbol)

c:/altera/13.0sp1/nios2eds/bin/gnu/h-i686-mingw32/bin/../lib/gcc/nios2-elf/4.1.2/mno-hw-mul\libgcc.a(lib2-divmod.o)
                              obj/default/hello_world_small.o (__divsi3)
c:/altera/13.0sp1/nios2eds/bin/gnu/h-i686-mingw32/bin/../lib/gcc/nios2-elf/4.1.2/../../../../nios2-elf/lib/mno-hw-mul\libsmallc.a(lib_a-strlen.o)
                              obj/default/hello_world_small.o (strlen)
../FINAL_bsp/\libhal_bsp.a(alt_load.o)
                              ../FINAL_bsp//obj/HAL/src/crt0.o (alt_load)
../FINAL_bsp/\libhal_bsp.a(alt_main.o)
                              ../FINAL_bsp//obj/HAL/src/crt0.o (alt_main)
../FINAL_bsp/\libhal_bsp.a(alt_putstr.o)
                              obj/default/hello_world_small.o (alt_putstr)
../FINAL_bsp/\libhal_bsp.a(alt_usleep.o)
                              obj/default/hello_world_small.o (usleep)
../FINAL_bsp/\libhal_bsp.a(alt_sys_init.o)
                              ../FINAL_bsp/\libhal_bsp.a(alt_main.o) (alt_sys_init)
../FINAL_bsp/\libhal_bsp.a(altera_avalon_jtag_uart_write.o)
                              ../FINAL_bsp/\libhal_bsp.a(alt_putstr.o) (altera_avalon_jtag_uart_write)
../FINAL_bsp/\libhal_bsp.a(alt_busy_sleep.o)
                              ../FINAL_bsp/\libhal_bsp.a(alt_usleep.o) (alt_busy_sleep)
../FINAL_bsp/\libhal_bsp.a(alt_dcache_flush_all.o)
                              ../FINAL_bsp/\libhal_bsp.a(alt_load.o) (alt_dcache_flush_all)
../FINAL_bsp/\libhal_bsp.a(alt_icache_flush_all.o)
                              ../FINAL_bsp/\libhal_bsp.a(alt_load.o) (alt_icache_flush_all)
../FINAL_bsp/\libhal_bsp.a(altera_nios2_qsys_irq.o)
                              ../FINAL_bsp/\libhal_bsp.a(alt_sys_init.o) (altera_nios2_qsys_irq_init)
c:/altera/13.0sp1/nios2eds/bin/gnu/h-i686-mingw32/bin/../lib/gcc/nios2-elf/4.1.2/mno-hw-mul\libgcc.a(lib2-mul.o)
                              ../FINAL_bsp/\libhal_bsp.a(alt_busy_sleep.o) (__mulsi3)

Memory Configuration

Name             Origin             Length             Attributes
reset            0x00006000         0x00000020
onchip_memory2_0 0x00006020         0x00000fe0
*default*        0x00000000         0xffffffff

Linker script and memory map

LOAD ../FINAL_bsp//obj/HAL/src/crt0.o
                0x0000600c                exit = _exit
LOAD obj/default/hello_world_small.o
LOAD c:/altera/13.0sp1/nios2eds/bin/gnu/h-i686-mingw32/bin/../lib/gcc/nios2-elf/4.1.2/../../../../nios2-elf/lib/mno-hw-mul\libstdc++.a
LOAD c:/altera/13.0sp1/nios2eds/bin/gnu/h-i686-mingw32/bin/../lib/gcc/nios2-elf/4.1.2/../../../../nios2-elf/lib/mno-hw-mul\libm.a
LOAD c:/altera/13.0sp1/nios2eds/bin/gnu/h-i686-mingw32/bin/../lib/gcc/nios2-elf/4.1.2/mno-hw-mul\libgcc.a
START GROUP
LOAD c:/altera/13.0sp1/nios2eds/bin/gnu/h-i686-mingw32/bin/../lib/gcc/nios2-elf/4.1.2/../../../../nios2-elf/lib/mno-hw-mul\libsmallc.a
LOAD c:/altera/13.0sp1/nios2eds/bin/gnu/h-i686-mingw32/bin/../lib/gcc/nios2-elf/4.1.2/mno-hw-mul\libgcc.a
LOAD ../FINAL_bsp/\libhal_bsp.a
END GROUP
LOAD c:/altera/13.0sp1/nios2eds/bin/gnu/h-i686-mingw32/bin/../lib/gcc/nios2-elf/4.1.2/mno-hw-mul\libgcc.a
                0x00006000                __alt_mem_onchip_memory2_0 = 0x6000

.entry          0x00006000       0x20
 *(.entry)
 .entry         0x00006000       0x20 ../FINAL_bsp//obj/HAL/src/crt0.o
                0x00006000                __reset
                0x0000600c                _exit

.exceptions     0x00006020        0x0
                0x00006020                PROVIDE (__ram_exceptions_start, ABSOLUTE (.))
                0x00006020                . = ALIGN (0x20)
 *(.irq)
 *(.exceptions.entry.label)
 *(.exceptions.entry.user)
 *(.exceptions.entry)
 *(.exceptions.irqtest.user)
 *(.exceptions.irqtest)
 *(.exceptions.irqhandler.user)
 *(.exceptions.irqhandler)
 *(.exceptions.irqreturn.user)
 *(.exceptions.irqreturn)
 *(.exceptions.notirq.label)
 *(.exceptions.notirq.user)
 *(.exceptions.notirq)
 *(.exceptions.soft.user)
 *(.exceptions.soft)
 *(.exceptions.unknown.user)
 *(.exceptions.unknown)
 *(.exceptions.exit.label)
 *(.exceptions.exit.user)
 *(.exceptions.exit)
 *(.exceptions)
                0x00006020                PROVIDE (__ram_exceptions_end, ABSOLUTE (.))
                0x00006020                PROVIDE (__flash_exceptions_start, LOADADDR (.exceptions))

.text           0x00006020      0x9d0
                0x00006020                PROVIDE (stext, ABSOLUTE (.))
 *(.interp)
 *(.hash)
 *(.dynsym)
 *(.dynstr)
 *(.gnu.version)
 *(.gnu.version_d)
 *(.gnu.version_r)
 *(.rel.init)
 *(.rela.init)
 *(.rel.text .rel.text.* .rel.gnu.linkonce.t.*)
 *(.rela.text .rela.text.* .rela.gnu.linkonce.t.*)
 *(.rel.fini)
 *(.rela.fini)
 *(.rel.rodata .rel.rodata.* .rel.gnu.linkonce.r.*)
 *(.rela.rodata .rela.rodata.* .rela.gnu.linkonce.r.*)
 *(.rel.data .rel.data.* .rel.gnu.linkonce.d.*)
 *(.rela.data .rela.data.* .rela.gnu.linkonce.d.*)
 *(.rel.tdata .rel.tdata.* .rel.gnu.linkonce.td.*)
 *(.rela.tdata .rela.tdata.* .rela.gnu.linkonce.td.*)
 *(.rel.tbss .rel.tbss.* .rel.gnu.linkonce.tb.*)
 *(.rela.tbss .rela.tbss.* .rela.gnu.linkonce.tb.*)
 *(.rel.ctors)
 *(.rela.ctors)
 *(.rel.dtors)
 *(.rela.dtors)
 *(.rel.got)
 *(.rela.got)
 *(.rel.sdata .rel.sdata.* .rel.gnu.linkonce.s.*)
 *(.rela.sdata .rela.sdata.* .rela.gnu.linkonce.s.*)
 *(.rel.sbss .rel.sbss.* .rel.gnu.linkonce.sb.*)
 *(.rela.sbss .rela.sbss.* .rela.gnu.linkonce.sb.*)
 *(.rel.sdata2 .rel.sdata2.* .rel.gnu.linkonce.s2.*)
 *(.rela.sdata2 .rela.sdata2.* .rela.gnu.linkonce.s2.*)
 *(.rel.sbss2 .rel.sbss2.* .rel.gnu.linkonce.sb2.*)
 *(.rela.sbss2 .rela.sbss2.* .rela.gnu.linkonce.sb2.*)
 *(.rel.bss .rel.bss.* .rel.gnu.linkonce.b.*)
 *(.rela.bss .rela.bss.* .rela.gnu.linkonce.b.*)
 *(.rel.plt)
 *(.rela.plt)
 *(.rel.dyn)
 *(.init)
 *(.plt)
 *(.text .stub .text.* .gnu.linkonce.t.*)
 .text          0x00006020       0x3c ../FINAL_bsp//obj/HAL/src/crt0.o
                0x00006020                _start
 .text          0x0000605c      0x608 obj/default/hello_world_small.o
                0x0000605c                convierte
                0x000060d4                LCD_CURSOR_MOVE
                0x00006104                LCD_POS_CURSOR
                0x00006140                LCD_LINE2
                0x00006154                LCD_LINE1
                0x00006168                LCD_CLEAR
                0x0000617c                LCD_ENVIACHAR
                0x00006190                LCD_CHARVAR_SEND
                0x00006248                LCD_CUSTOM_CHAR
                0x000062ac                LCD_init
                0x0000636c                cuenta_reloj
                0x00006400                ESCRIBE_MENSAJE
                0x0000646c                main
 .text          0x00006664      0x14c c:/altera/13.0sp1/nios2eds/bin/gnu/h-i686-mingw32/bin/../lib/gcc/nios2-elf/4.1.2/mno-hw-mul\libgcc.a(lib2-divmod.o)
                0x000066e0                __divsi3
                0x00006740                __modsi3
                0x000067a0                __udivsi3
                0x000067a8                __umodsi3
 .text          0x000067b0       0x20 c:/altera/13.0sp1/nios2eds/bin/gnu/h-i686-mingw32/bin/../lib/gcc/nios2-elf/4.1.2/../../../../nios2-elf/lib/mno-hw-mul\libsmallc.a(lib_a-strlen.o)
                0x000067b0                strlen
 .text          0x000067d0       0x8c ../FINAL_bsp/\libhal_bsp.a(alt_load.o)
                0x000067f0                alt_load
 .text          0x0000685c       0x2c ../FINAL_bsp/\libhal_bsp.a(alt_main.o)
                0x0000685c                alt_main
 .text          0x00006888       0x38 ../FINAL_bsp/\libhal_bsp.a(alt_putstr.o)
                0x00006888                alt_putstr
 .text          0x000068c0        0x4 ../FINAL_bsp/\libhal_bsp.a(alt_usleep.o)
                0x000068c0                usleep
 .text          0x000068c4       0x24 ../FINAL_bsp/\libhal_bsp.a(alt_sys_init.o)
                0x000068c4                alt_sys_init
                0x000068c8                alt_irq_init
 .text          0x000068e8       0x34 ../FINAL_bsp/\libhal_bsp.a(altera_avalon_jtag_uart_write.o)
                0x000068e8                altera_avalon_jtag_uart_write
 .text          0x0000691c       0x8c ../FINAL_bsp/\libhal_bsp.a(alt_busy_sleep.o)
                0x0000691c                alt_busy_sleep
 .text          0x000069a8        0x4 ../FINAL_bsp/\libhal_bsp.a(alt_dcache_flush_all.o)
                0x000069a8                alt_dcache_flush_all
 .text          0x000069ac        0x4 ../FINAL_bsp/\libhal_bsp.a(alt_icache_flush_all.o)
                0x000069ac                alt_icache_flush_all
 .text          0x000069b0        0x8 ../FINAL_bsp/\libhal_bsp.a(altera_nios2_qsys_irq.o)
                0x000069b0                altera_nios2_qsys_irq_init
 .text          0x000069b8       0x38 c:/altera/13.0sp1/nios2eds/bin/gnu/h-i686-mingw32/bin/../lib/gcc/nios2-elf/4.1.2/mno-hw-mul\libgcc.a(lib2-mul.o)
                0x000069b8                __mulsi3
 *(.gnu.warning.*)
 *(.fini)
                0x000069f0                PROVIDE (__etext, ABSOLUTE (.))
                0x000069f0                PROVIDE (_etext, ABSOLUTE (.))
                0x000069f0                PROVIDE (etext, ABSOLUTE (.))
 *(.eh_frame_hdr)
                0x000069f0                . = ALIGN (0x4)
                0x000069f0                PROVIDE (__preinit_array_start, ABSOLUTE (.))
 *(.preinit_array)
                0x000069f0                PROVIDE (__preinit_array_end, ABSOLUTE (.))
                0x000069f0                PROVIDE (__init_array_start, ABSOLUTE (.))
 *(.init_array)
                0x000069f0                PROVIDE (__init_array_end, ABSOLUTE (.))
                0x000069f0                PROVIDE (__fini_array_start, ABSOLUTE (.))
 *(.fini_array)
                0x000069f0                PROVIDE (__fini_array_end, ABSOLUTE (.))
 *(.eh_frame)
 *(.gcc_except_table)
 *(.dynamic)
                0x000069f0                PROVIDE (__CTOR_LIST__, ABSOLUTE (.))
 *(.ctors)
 *(SORT(.ctors.*))
                0x000069f0                PROVIDE (__CTOR_END__, ABSOLUTE (.))
                0x000069f0                PROVIDE (__DTOR_LIST__, ABSOLUTE (.))
 *(.dtors)
 *(SORT(.dtors.*))
                0x000069f0                PROVIDE (__DTOR_END__, ABSOLUTE (.))
 *(.jcr)
                0x000069f0                . = ALIGN (0x4)

.rodata         0x000069f0       0x5c
                0x000069f0                PROVIDE (__ram_rodata_start, ABSOLUTE (.))
                0x000069f0                . = ALIGN (0x4)
 *(.rodata .rodata.* .gnu.linkonce.r.*)
 .rodata.str1.4
                0x000069f0       0x5c obj/default/hello_world_small.o
 *(.rodata1)
                0x00006a4c                . = ALIGN (0x4)
                0x00006a4c                PROVIDE (__ram_rodata_end, ABSOLUTE (.))
                0x000069f0                PROVIDE (__flash_rodata_start, LOADADDR (.rodata))

.rwdata         0x00006a4c        0x4 load address 0x00006a50
                0x00006a4c                PROVIDE (__ram_rwdata_start, ABSOLUTE (.))
                0x00006a4c                . = ALIGN (0x4)
 *(.got.plt)
 *(.got)
 *(.data1)
 *(.data .data.* .gnu.linkonce.d.*)
 .data          0x00006a4c        0x0 ../FINAL_bsp//obj/HAL/src/crt0.o
 .data          0x00006a4c        0x0 obj/default/hello_world_small.o
 .data          0x00006a4c        0x0 c:/altera/13.0sp1/nios2eds/bin/gnu/h-i686-mingw32/bin/../lib/gcc/nios2-elf/4.1.2/mno-hw-mul\libgcc.a(lib2-divmod.o)
 .data          0x00006a4c        0x0 c:/altera/13.0sp1/nios2eds/bin/gnu/h-i686-mingw32/bin/../lib/gcc/nios2-elf/4.1.2/../../../../nios2-elf/lib/mno-hw-mul\libsmallc.a(lib_a-strlen.o)
 .data          0x00006a4c        0x0 ../FINAL_bsp/\libhal_bsp.a(alt_load.o)
 .data          0x00006a4c        0x0 ../FINAL_bsp/\libhal_bsp.a(alt_main.o)
 .data          0x00006a4c        0x0 ../FINAL_bsp/\libhal_bsp.a(alt_putstr.o)
 .data          0x00006a4c        0x0 ../FINAL_bsp/\libhal_bsp.a(alt_usleep.o)
 .data          0x00006a4c        0x0 ../FINAL_bsp/\libhal_bsp.a(alt_sys_init.o)
 .data          0x00006a4c        0x0 ../FINAL_bsp/\libhal_bsp.a(altera_avalon_jtag_uart_write.o)
 .data          0x00006a4c        0x0 ../FINAL_bsp/\libhal_bsp.a(alt_busy_sleep.o)
 .data          0x00006a4c        0x0 ../FINAL_bsp/\libhal_bsp.a(alt_dcache_flush_all.o)
 .data          0x00006a4c        0x0 ../FINAL_bsp/\libhal_bsp.a(alt_icache_flush_all.o)
 .data          0x00006a4c        0x0 ../FINAL_bsp/\libhal_bsp.a(altera_nios2_qsys_irq.o)
 .data          0x00006a4c        0x0 c:/altera/13.0sp1/nios2eds/bin/gnu/h-i686-mingw32/bin/../lib/gcc/nios2-elf/4.1.2/mno-hw-mul\libgcc.a(lib2-mul.o)
                0x0000ea4c                _gp = ABSOLUTE ((. + 0x8000))
                0x0000ea4c                PROVIDE (gp, _gp)
 *(.rwdata .rwdata.*)
 *(.sdata .sdata.* .gnu.linkonce.s.*)
 .sdata         0x00006a4c        0x1 obj/default/hello_world_small.o
                0x00006a4c                addhora
 *(.sdata2 .sdata2.* .gnu.linkonce.s2.*)
                0x00006a50                . = ALIGN (0x4)
 *fill*         0x00006a4d        0x3 00
                0x00006a50                _edata = ABSOLUTE (.)
                0x00006a50                PROVIDE (edata, ABSOLUTE (.))
                0x00006a50                PROVIDE (__ram_rwdata_end, ABSOLUTE (.))
                0x00006a50                PROVIDE (__flash_rwdata_start, LOADADDR (.rwdata))

.bss            0x00006a54       0x24
                0x00006a54                __bss_start = ABSOLUTE (.)
                0x00006a54                PROVIDE (__sbss_start, ABSOLUTE (.))
                0x00006a54                PROVIDE (___sbss_start, ABSOLUTE (.))
 *(.dynsbss)
 *(.sbss .sbss.* .gnu.linkonce.sb.*)
 .sbss          0x00006a54       0x14 obj/default/hello_world_small.o
                0x00006a54                cuenta
                0x00006a55                centena
                0x00006a56                decena
                0x00006a57                unidad
                0x00006a58                botton
                0x00006a59                botton2
                0x00006a5a                botton3
                0x00006a5c                minutos
                0x00006a60                segundos
                0x00006a64                horas
 .sbss          0x00006a68        0xc ../FINAL_bsp/\libhal_bsp.a(alt_main.o)
                0x00006a68                alt_argc
                0x00006a6c                alt_argv
                0x00006a70                alt_envp
 .sbss          0x00006a74        0x4 ../FINAL_bsp/\libhal_bsp.a(alt_sys_init.o)
                0x00006a74                jtag_uart_0
 *(.sbss2 .sbss2.* .gnu.linkonce.sb2.*)
 *(.scommon)
                0x00006a78                PROVIDE (__sbss_end, ABSOLUTE (.))
                0x00006a78                PROVIDE (___sbss_end, ABSOLUTE (.))
 *(.dynbss)
 *(.bss .bss.* .gnu.linkonce.b.*)
 .bss           0x00006a78        0x0 ../FINAL_bsp//obj/HAL/src/crt0.o
 .bss           0x00006a78        0x0 obj/default/hello_world_small.o
 .bss           0x00006a78        0x0 c:/altera/13.0sp1/nios2eds/bin/gnu/h-i686-mingw32/bin/../lib/gcc/nios2-elf/4.1.2/mno-hw-mul\libgcc.a(lib2-divmod.o)
 .bss           0x00006a78        0x0 c:/altera/13.0sp1/nios2eds/bin/gnu/h-i686-mingw32/bin/../lib/gcc/nios2-elf/4.1.2/../../../../nios2-elf/lib/mno-hw-mul\libsmallc.a(lib_a-strlen.o)
 .bss           0x00006a78        0x0 ../FINAL_bsp/\libhal_bsp.a(alt_load.o)
 .bss           0x00006a78        0x0 ../FINAL_bsp/\libhal_bsp.a(alt_main.o)
 .bss           0x00006a78        0x0 ../FINAL_bsp/\libhal_bsp.a(alt_putstr.o)
 .bss           0x00006a78        0x0 ../FINAL_bsp/\libhal_bsp.a(alt_usleep.o)
 .bss           0x00006a78        0x0 ../FINAL_bsp/\libhal_bsp.a(alt_sys_init.o)
 .bss           0x00006a78        0x0 ../FINAL_bsp/\libhal_bsp.a(altera_avalon_jtag_uart_write.o)
 .bss           0x00006a78        0x0 ../FINAL_bsp/\libhal_bsp.a(alt_busy_sleep.o)
 .bss           0x00006a78        0x0 ../FINAL_bsp/\libhal_bsp.a(alt_dcache_flush_all.o)
 .bss           0x00006a78        0x0 ../FINAL_bsp/\libhal_bsp.a(alt_icache_flush_all.o)
 .bss           0x00006a78        0x0 ../FINAL_bsp/\libhal_bsp.a(altera_nios2_qsys_irq.o)
 .bss           0x00006a78        0x0 c:/altera/13.0sp1/nios2eds/bin/gnu/h-i686-mingw32/bin/../lib/gcc/nios2-elf/4.1.2/mno-hw-mul\libgcc.a(lib2-mul.o)
 *(COMMON)
                0x00006a78                . = ALIGN (0x4)
                0x00006a78                __bss_end = ABSOLUTE (.)

.onchip_memory2_0
                0x00006a78        0x0
                0x00006a78                PROVIDE (_alt_partition_onchip_memory2_0_start, ABSOLUTE (.))
 *(.onchip_memory2_0. onchip_memory2_0.*)
                0x00006a78                . = ALIGN (0x4)
                0x00006a78                PROVIDE (_alt_partition_onchip_memory2_0_end, ABSOLUTE (.))
                0x00006a78                _end = ABSOLUTE (.)
                0x00006a78                end = ABSOLUTE (.)
                0x00006a78                __alt_stack_base = ABSOLUTE (.)
                0x00006a78                PROVIDE (_alt_partition_onchip_memory2_0_load_addr, LOADADDR (.onchip_memory2_0))

.stab
 *(.stab)

.stabstr
 *(.stabstr)

.stab.excl
 *(.stab.excl)

.stab.exclstr
 *(.stab.exclstr)

.stab.index
 *(.stab.index)

.stab.indexstr
 *(.stab.indexstr)

.comment        0x00000000       0x26
 *(.comment)
 .comment       0x00000000       0x26 obj/default/hello_world_small.o
                                 0x27 (size before relaxing)
 .comment       0x00000000       0x27 c:/altera/13.0sp1/nios2eds/bin/gnu/h-i686-mingw32/bin/../lib/gcc/nios2-elf/4.1.2/mno-hw-mul\libgcc.a(lib2-divmod.o)
 .comment       0x00000000       0x27 c:/altera/13.0sp1/nios2eds/bin/gnu/h-i686-mingw32/bin/../lib/gcc/nios2-elf/4.1.2/../../../../nios2-elf/lib/mno-hw-mul\libsmallc.a(lib_a-strlen.o)
 .comment       0x00000000       0x27 ../FINAL_bsp/\libhal_bsp.a(alt_load.o)
 .comment       0x00000000       0x27 ../FINAL_bsp/\libhal_bsp.a(alt_main.o)
 .comment       0x00000000       0x27 ../FINAL_bsp/\libhal_bsp.a(alt_putstr.o)
 .comment       0x00000000       0x27 ../FINAL_bsp/\libhal_bsp.a(alt_usleep.o)
 .comment       0x00000000       0x27 ../FINAL_bsp/\libhal_bsp.a(alt_sys_init.o)
 .comment       0x00000000       0x27 ../FINAL_bsp/\libhal_bsp.a(altera_avalon_jtag_uart_write.o)
 .comment       0x00000000       0x27 ../FINAL_bsp/\libhal_bsp.a(alt_busy_sleep.o)
 .comment       0x00000000       0x27 ../FINAL_bsp/\libhal_bsp.a(alt_dcache_flush_all.o)
 .comment       0x00000000       0x27 ../FINAL_bsp/\libhal_bsp.a(alt_icache_flush_all.o)
 .comment       0x00000000       0x27 ../FINAL_bsp/\libhal_bsp.a(altera_nios2_qsys_irq.o)
 .comment       0x00000000       0x27 c:/altera/13.0sp1/nios2eds/bin/gnu/h-i686-mingw32/bin/../lib/gcc/nios2-elf/4.1.2/mno-hw-mul\libgcc.a(lib2-mul.o)

.debug
 *(.debug)

.line
 *(.line)

.debug_srcinfo
 *(.debug_srcinfo)

.debug_sfnames
 *(.debug_sfnames)

.debug_aranges  0x00000000      0x1e8
 *(.debug_aranges)
 .debug_aranges
                0x00000000       0x28 ../FINAL_bsp//obj/HAL/src/crt0.o
 .debug_aranges
                0x00000028       0x20 obj/default/hello_world_small.o
 .debug_aranges
                0x00000048       0x20 c:/altera/13.0sp1/nios2eds/bin/gnu/h-i686-mingw32/bin/../lib/gcc/nios2-elf/4.1.2/mno-hw-mul\libgcc.a(lib2-divmod.o)
 .debug_aranges
                0x00000068       0x20 c:/altera/13.0sp1/nios2eds/bin/gnu/h-i686-mingw32/bin/../lib/gcc/nios2-elf/4.1.2/../../../../nios2-elf/lib/mno-hw-mul\libsmallc.a(lib_a-strlen.o)
 .debug_aranges
                0x00000088       0x20 ../FINAL_bsp/\libhal_bsp.a(alt_load.o)
 .debug_aranges
                0x000000a8       0x20 ../FINAL_bsp/\libhal_bsp.a(alt_main.o)
 .debug_aranges
                0x000000c8       0x20 ../FINAL_bsp/\libhal_bsp.a(alt_putstr.o)
 .debug_aranges
                0x000000e8       0x20 ../FINAL_bsp/\libhal_bsp.a(alt_usleep.o)
 .debug_aranges
                0x00000108       0x20 ../FINAL_bsp/\libhal_bsp.a(alt_sys_init.o)
 .debug_aranges
                0x00000128       0x20 ../FINAL_bsp/\libhal_bsp.a(altera_avalon_jtag_uart_write.o)
 .debug_aranges
                0x00000148       0x20 ../FINAL_bsp/\libhal_bsp.a(alt_busy_sleep.o)
 .debug_aranges
                0x00000168       0x20 ../FINAL_bsp/\libhal_bsp.a(alt_dcache_flush_all.o)
 .debug_aranges
                0x00000188       0x20 ../FINAL_bsp/\libhal_bsp.a(alt_icache_flush_all.o)
 .debug_aranges
                0x000001a8       0x20 ../FINAL_bsp/\libhal_bsp.a(altera_nios2_qsys_irq.o)
 .debug_aranges
                0x000001c8       0x20 c:/altera/13.0sp1/nios2eds/bin/gnu/h-i686-mingw32/bin/../lib/gcc/nios2-elf/4.1.2/mno-hw-mul\libgcc.a(lib2-mul.o)

.debug_pubnames
                0x00000000      0x3b1
 *(.debug_pubnames)
 .debug_pubnames
                0x00000000      0x166 obj/default/hello_world_small.o
 .debug_pubnames
                0x00000166       0x48 c:/altera/13.0sp1/nios2eds/bin/gnu/h-i686-mingw32/bin/../lib/gcc/nios2-elf/4.1.2/mno-hw-mul\libgcc.a(lib2-divmod.o)
 .debug_pubnames
                0x000001ae       0x1d c:/altera/13.0sp1/nios2eds/bin/gnu/h-i686-mingw32/bin/../lib/gcc/nios2-elf/4.1.2/../../../../nios2-elf/lib/mno-hw-mul\libsmallc.a(lib_a-strlen.o)
 .debug_pubnames
                0x000001cb       0x1f ../FINAL_bsp/\libhal_bsp.a(alt_load.o)
 .debug_pubnames
                0x000001ea       0x46 ../FINAL_bsp/\libhal_bsp.a(alt_main.o)
 .debug_pubnames
                0x00000230       0x21 ../FINAL_bsp/\libhal_bsp.a(alt_putstr.o)
 .debug_pubnames
                0x00000251       0x1d ../FINAL_bsp/\libhal_bsp.a(alt_usleep.o)
 .debug_pubnames
                0x0000026e       0x44 ../FINAL_bsp/\libhal_bsp.a(alt_sys_init.o)
 .debug_pubnames
                0x000002b2       0x34 ../FINAL_bsp/\libhal_bsp.a(altera_avalon_jtag_uart_write.o)
 .debug_pubnames
                0x000002e6       0x25 ../FINAL_bsp/\libhal_bsp.a(alt_busy_sleep.o)
 .debug_pubnames
                0x0000030b       0x2b ../FINAL_bsp/\libhal_bsp.a(alt_dcache_flush_all.o)
 .debug_pubnames
                0x00000336       0x2b ../FINAL_bsp/\libhal_bsp.a(alt_icache_flush_all.o)
 .debug_pubnames
                0x00000361       0x31 ../FINAL_bsp/\libhal_bsp.a(altera_nios2_qsys_irq.o)
 .debug_pubnames
                0x00000392       0x1f c:/altera/13.0sp1/nios2eds/bin/gnu/h-i686-mingw32/bin/../lib/gcc/nios2-elf/4.1.2/mno-hw-mul\libgcc.a(lib2-mul.o)

.debug_info     0x00000000     0x10f1
 *(.debug_info .gnu.linkonce.wi.*)
 .debug_info    0x00000000       0x6d ../FINAL_bsp//obj/HAL/src/crt0.o
 .debug_info    0x0000006d      0x36d obj/default/hello_world_small.o
 .debug_info    0x000003da      0x21c c:/altera/13.0sp1/nios2eds/bin/gnu/h-i686-mingw32/bin/../lib/gcc/nios2-elf/4.1.2/mno-hw-mul\libgcc.a(lib2-divmod.o)
 .debug_info    0x000005f6       0xc2 c:/altera/13.0sp1/nios2eds/bin/gnu/h-i686-mingw32/bin/../lib/gcc/nios2-elf/4.1.2/../../../../nios2-elf/lib/mno-hw-mul\libsmallc.a(lib_a-strlen.o)
 .debug_info    0x000006b8      0x12e ../FINAL_bsp/\libhal_bsp.a(alt_load.o)
 .debug_info    0x000007e6      0x125 ../FINAL_bsp/\libhal_bsp.a(alt_main.o)
 .debug_info    0x0000090b       0xc5 ../FINAL_bsp/\libhal_bsp.a(alt_putstr.o)
 .debug_info    0x000009d0       0xab ../FINAL_bsp/\libhal_bsp.a(alt_usleep.o)
 .debug_info    0x00000a7b      0x17d ../FINAL_bsp/\libhal_bsp.a(alt_sys_init.o)
 .debug_info    0x00000bf8      0x18f ../FINAL_bsp/\libhal_bsp.a(altera_avalon_jtag_uart_write.o)
 .debug_info    0x00000d87       0xd0 ../FINAL_bsp/\libhal_bsp.a(alt_busy_sleep.o)
 .debug_info    0x00000e57       0x8d ../FINAL_bsp/\libhal_bsp.a(alt_dcache_flush_all.o)
 .debug_info    0x00000ee4       0x8d ../FINAL_bsp/\libhal_bsp.a(alt_icache_flush_all.o)
 .debug_info    0x00000f71       0x8d ../FINAL_bsp/\libhal_bsp.a(altera_nios2_qsys_irq.o)
 .debug_info    0x00000ffe       0xf3 c:/altera/13.0sp1/nios2eds/bin/gnu/h-i686-mingw32/bin/../lib/gcc/nios2-elf/4.1.2/mno-hw-mul\libgcc.a(lib2-mul.o)

.debug_abbrev   0x00000000      0x828
 *(.debug_abbrev)
 .debug_abbrev  0x00000000       0x12 ../FINAL_bsp//obj/HAL/src/crt0.o
 .debug_abbrev  0x00000012      0x122 obj/default/hello_world_small.o
 .debug_abbrev  0x00000134       0xe0 c:/altera/13.0sp1/nios2eds/bin/gnu/h-i686-mingw32/bin/../lib/gcc/nios2-elf/4.1.2/mno-hw-mul\libgcc.a(lib2-divmod.o)
 .debug_abbrev  0x00000214       0x7a c:/altera/13.0sp1/nios2eds/bin/gnu/h-i686-mingw32/bin/../lib/gcc/nios2-elf/4.1.2/../../../../nios2-elf/lib/mno-hw-mul\libsmallc.a(lib_a-strlen.o)
 .debug_abbrev  0x0000028e       0x97 ../FINAL_bsp/\libhal_bsp.a(alt_load.o)
 .debug_abbrev  0x00000325       0xa6 ../FINAL_bsp/\libhal_bsp.a(alt_main.o)
 .debug_abbrev  0x000003cb       0x7c ../FINAL_bsp/\libhal_bsp.a(alt_putstr.o)
 .debug_abbrev  0x00000447       0x5d ../FINAL_bsp/\libhal_bsp.a(alt_usleep.o)
 .debug_abbrev  0x000004a4       0xe3 ../FINAL_bsp/\libhal_bsp.a(alt_sys_init.o)
 .debug_abbrev  0x00000587       0xf0 ../FINAL_bsp/\libhal_bsp.a(altera_avalon_jtag_uart_write.o)
 .debug_abbrev  0x00000677       0x79 ../FINAL_bsp/\libhal_bsp.a(alt_busy_sleep.o)
 .debug_abbrev  0x000006f0       0x3f ../FINAL_bsp/\libhal_bsp.a(alt_dcache_flush_all.o)
 .debug_abbrev  0x0000072f       0x3f ../FINAL_bsp/\libhal_bsp.a(alt_icache_flush_all.o)
 .debug_abbrev  0x0000076e       0x3f ../FINAL_bsp/\libhal_bsp.a(altera_nios2_qsys_irq.o)
 .debug_abbrev  0x000007ad       0x7b c:/altera/13.0sp1/nios2eds/bin/gnu/h-i686-mingw32/bin/../lib/gcc/nios2-elf/4.1.2/mno-hw-mul\libgcc.a(lib2-mul.o)

.debug_line     0x00000000     0x23c2
 *(.debug_line)
 .debug_line    0x00000000       0x66 ../FINAL_bsp//obj/HAL/src/crt0.o
 .debug_line    0x00000066      0x7a2 obj/default/hello_world_small.o
 .debug_line    0x00000808      0x24f c:/altera/13.0sp1/nios2eds/bin/gnu/h-i686-mingw32/bin/../lib/gcc/nios2-elf/4.1.2/mno-hw-mul\libgcc.a(lib2-divmod.o)
 .debug_line    0x00000a57      0x250 c:/altera/13.0sp1/nios2eds/bin/gnu/h-i686-mingw32/bin/../lib/gcc/nios2-elf/4.1.2/../../../../nios2-elf/lib/mno-hw-mul\libsmallc.a(lib_a-strlen.o)
 .debug_line    0x00000ca7      0x217 ../FINAL_bsp/\libhal_bsp.a(alt_load.o)
 .debug_line    0x00000ebe      0x2c2 ../FINAL_bsp/\libhal_bsp.a(alt_main.o)
 .debug_line    0x00001180      0x1d9 ../FINAL_bsp/\libhal_bsp.a(alt_putstr.o)
 .debug_line    0x00001359      0x202 ../FINAL_bsp/\libhal_bsp.a(alt_usleep.o)
 .debug_line    0x0000155b      0x2c3 ../FINAL_bsp/\libhal_bsp.a(alt_sys_init.o)
 .debug_line    0x0000181e      0x2f4 ../FINAL_bsp/\libhal_bsp.a(altera_avalon_jtag_uart_write.o)
 .debug_line    0x00001b12      0x25e ../FINAL_bsp/\libhal_bsp.a(alt_busy_sleep.o)
 .debug_line    0x00001d70      0x1b5 ../FINAL_bsp/\libhal_bsp.a(alt_dcache_flush_all.o)
 .debug_line    0x00001f25      0x1b5 ../FINAL_bsp/\libhal_bsp.a(alt_icache_flush_all.o)
 .debug_line    0x000020da      0x1ce ../FINAL_bsp/\libhal_bsp.a(altera_nios2_qsys_irq.o)
 .debug_line    0x000022a8      0x11a c:/altera/13.0sp1/nios2eds/bin/gnu/h-i686-mingw32/bin/../lib/gcc/nios2-elf/4.1.2/mno-hw-mul\libgcc.a(lib2-mul.o)

.debug_frame    0x00000000      0x364
 *(.debug_frame)
 .debug_frame   0x00000000      0x12c obj/default/hello_world_small.o
 .debug_frame   0x0000012c       0x70 c:/altera/13.0sp1/nios2eds/bin/gnu/h-i686-mingw32/bin/../lib/gcc/nios2-elf/4.1.2/mno-hw-mul\libgcc.a(lib2-divmod.o)
 .debug_frame   0x0000019c       0x20 c:/altera/13.0sp1/nios2eds/bin/gnu/h-i686-mingw32/bin/../lib/gcc/nios2-elf/4.1.2/../../../../nios2-elf/lib/mno-hw-mul\libsmallc.a(lib_a-strlen.o)
 .debug_frame   0x000001bc       0x38 ../FINAL_bsp/\libhal_bsp.a(alt_load.o)
 .debug_frame   0x000001f4       0x28 ../FINAL_bsp/\libhal_bsp.a(alt_main.o)
 .debug_frame   0x0000021c       0x28 ../FINAL_bsp/\libhal_bsp.a(alt_putstr.o)
 .debug_frame   0x00000244       0x20 ../FINAL_bsp/\libhal_bsp.a(alt_usleep.o)
 .debug_frame   0x00000264       0x38 ../FINAL_bsp/\libhal_bsp.a(alt_sys_init.o)
 .debug_frame   0x0000029c       0x20 ../FINAL_bsp/\libhal_bsp.a(altera_avalon_jtag_uart_write.o)
 .debug_frame   0x000002bc       0x28 ../FINAL_bsp/\libhal_bsp.a(alt_busy_sleep.o)
 .debug_frame   0x000002e4       0x20 ../FINAL_bsp/\libhal_bsp.a(alt_dcache_flush_all.o)
 .debug_frame   0x00000304       0x20 ../FINAL_bsp/\libhal_bsp.a(alt_icache_flush_all.o)
 .debug_frame   0x00000324       0x20 ../FINAL_bsp/\libhal_bsp.a(altera_nios2_qsys_irq.o)
 .debug_frame   0x00000344       0x20 c:/altera/13.0sp1/nios2eds/bin/gnu/h-i686-mingw32/bin/../lib/gcc/nios2-elf/4.1.2/mno-hw-mul\libgcc.a(lib2-mul.o)

.debug_str      0x00000000      0x7eb
 *(.debug_str)
 .debug_str     0x00000000      0x1eb obj/default/hello_world_small.o
                                0x229 (size before relaxing)
 .debug_str     0x000001eb      0x10b c:/altera/13.0sp1/nios2eds/bin/gnu/h-i686-mingw32/bin/../lib/gcc/nios2-elf/4.1.2/mno-hw-mul\libgcc.a(lib2-divmod.o)
                                0x1b4 (size before relaxing)
 .debug_str     0x000002f6       0xe9 c:/altera/13.0sp1/nios2eds/bin/gnu/h-i686-mingw32/bin/../lib/gcc/nios2-elf/4.1.2/../../../../nios2-elf/lib/mno-hw-mul\libsmallc.a(lib_a-strlen.o)
                                0x184 (size before relaxing)
 .debug_str     0x000003df      0x12d ../FINAL_bsp/\libhal_bsp.a(alt_load.o)
                                0x1c2 (size before relaxing)
 .debug_str     0x0000050c       0x75 ../FINAL_bsp/\libhal_bsp.a(alt_main.o)
                                0x146 (size before relaxing)
 .debug_str     0x00000581       0x4c ../FINAL_bsp/\libhal_bsp.a(alt_putstr.o)
                                0x11d (size before relaxing)
 .debug_str     0x000005cd       0x27 ../FINAL_bsp/\libhal_bsp.a(alt_usleep.o)
                                 0xf8 (size before relaxing)
 .debug_str     0x000005f4       0x85 ../FINAL_bsp/\libhal_bsp.a(alt_sys_init.o)
                                0x1bb (size before relaxing)
 .debug_str     0x00000679       0x56 ../FINAL_bsp/\libhal_bsp.a(altera_avalon_jtag_uart_write.o)
                                0x1be (size before relaxing)
 .debug_str     0x000006cf       0x42 ../FINAL_bsp/\libhal_bsp.a(alt_busy_sleep.o)
                                0x11b (size before relaxing)
 .debug_str     0x00000711       0x34 ../FINAL_bsp/\libhal_bsp.a(alt_dcache_flush_all.o)
                                0x105 (size before relaxing)
 .debug_str     0x00000745       0x34 ../FINAL_bsp/\libhal_bsp.a(alt_icache_flush_all.o)
                                0x105 (size before relaxing)
 .debug_str     0x00000779       0x3b ../FINAL_bsp/\libhal_bsp.a(altera_nios2_qsys_irq.o)
                                0x10c (size before relaxing)
 .debug_str     0x000007b4       0x37 c:/altera/13.0sp1/nios2eds/bin/gnu/h-i686-mingw32/bin/../lib/gcc/nios2-elf/4.1.2/mno-hw-mul\libgcc.a(lib2-mul.o)
                                0x175 (size before relaxing)

.debug_loc      0x00000000      0x5bc
 *(.debug_loc)
 .debug_loc     0x00000000      0x23c obj/default/hello_world_small.o
 .debug_loc     0x0000023c      0x1d2 c:/altera/13.0sp1/nios2eds/bin/gnu/h-i686-mingw32/bin/../lib/gcc/nios2-elf/4.1.2/mno-hw-mul\libgcc.a(lib2-divmod.o)
 .debug_loc     0x0000040e       0x1e c:/altera/13.0sp1/nios2eds/bin/gnu/h-i686-mingw32/bin/../lib/gcc/nios2-elf/4.1.2/../../../../nios2-elf/lib/mno-hw-mul\libsmallc.a(lib_a-strlen.o)
 .debug_loc     0x0000042c       0x1f ../FINAL_bsp/\libhal_bsp.a(alt_load.o)
 .debug_loc     0x0000044b       0x1f ../FINAL_bsp/\libhal_bsp.a(alt_main.o)
 .debug_loc     0x0000046a       0x48 ../FINAL_bsp/\libhal_bsp.a(alt_putstr.o)
 .debug_loc     0x000004b2       0x13 ../FINAL_bsp/\libhal_bsp.a(alt_usleep.o)
 .debug_loc     0x000004c5       0x32 ../FINAL_bsp/\libhal_bsp.a(alt_sys_init.o)
 .debug_loc     0x000004f7       0x26 ../FINAL_bsp/\libhal_bsp.a(altera_avalon_jtag_uart_write.o)
 .debug_loc     0x0000051d       0x50 ../FINAL_bsp/\libhal_bsp.a(alt_busy_sleep.o)
 .debug_loc     0x0000056d       0x4f c:/altera/13.0sp1/nios2eds/bin/gnu/h-i686-mingw32/bin/../lib/gcc/nios2-elf/4.1.2/mno-hw-mul\libgcc.a(lib2-mul.o)

.debug_macinfo
 *(.debug_macinfo)

.debug_weaknames
 *(.debug_weaknames)

.debug_funcnames
 *(.debug_funcnames)

.debug_typenames
 *(.debug_typenames)

.debug_varnames
 *(.debug_varnames)

.debug_alt_sim_info
                0x00000000       0x40
 *(.debug_alt_sim_info)
 .debug_alt_sim_info
                0x00000000       0x10 ../FINAL_bsp//obj/HAL/src/crt0.o
 .debug_alt_sim_info
                0x00000010       0x30 ../FINAL_bsp/\libhal_bsp.a(alt_busy_sleep.o)
                0x00007000                __alt_data_end = 0x7000
                0x00007000                PROVIDE (__alt_stack_pointer, __alt_data_end)
                0x00006a78                PROVIDE (__alt_stack_limit, __alt_stack_base)
                0x00006a78                PROVIDE (__alt_heap_start, end)
                0x00007000                PROVIDE (__alt_heap_limit, 0x7000)
OUTPUT(FINAL.elf elf32-littlenios2)

.debug_ranges   0x00000000       0x20
 .debug_ranges  0x00000000       0x20 ../FINAL_bsp//obj/HAL/src/crt0.o
